spammer started
2024-03-21 10:52:26
2024-03-21 10:52:27
2024-03-21 10:52:28
2024-03-21 10:52:29
2024-03-21 10:52:30
2024-03-21 10:52:31
2024-03-21 10:52:32
2024-03-21 10:52:33
2024-03-21 10:52:34
2024-03-21 10:52:35
2024-03-21 10:52:36
2024-03-21 10:52:37
2024-03-21 10:52:38
2024-03-21 10:52:39
2024-03-21 10:52:40
2024-03-21 10:52:41
2024-03-21 10:52:42
2024-03-21 10:52:43
2024-03-21 10:52:44
2024-03-21 10:52:45
2024-03-21 10:52:46
2024-03-21 10:52:47
2024-03-21 10:52:48
2024-03-21 10:52:49
2024-03-21 10:52:50
2024-03-21 10:52:51
2024-03-21 10:52:52
2024-03-21 10:52:53
2024-03-21 10:52:54
2024-03-21 10:52:55
2024-03-21 10:52:56
2024-03-21 10:52:57
2024-03-21 10:52:58
2024-03-21 10:52:59
2024-03-21 10:53:00
2024-03-21 10:53:01
2024-03-21 10:53:02
2024-03-21 10:53:03
2024-03-21 10:53:04
2024-03-21 10:53:05
2024-03-21 10:53:06
2024-03-21 10:53:07
2024-03-21 10:53:09
2024-03-21 10:53:09
2024-03-21 10:53:11
2024-03-21 10:53:12
2024-03-21 10:53:13
2024-03-21 10:53:14
2024-03-21 10:53:14
2024-03-21 10:53:16
2024-03-21 10:53:17
2024-03-21 10:53:18
2024-03-21 10:53:19
2024-03-21 10:53:20
2024-03-21 10:53:21
2024-03-21 10:53:22
2024-03-21 10:53:23
2024-03-21 10:53:24
2024-03-21 10:53:25
2024-03-21 10:53:26
2024-03-21 10:53:27
2024-03-21 10:53:28
2024-03-21 10:53:29
2024-03-21 10:53:30
2024-03-21 10:53:31
2024-03-21 10:53:32
2024-03-21 10:53:33
2024-03-21 10:53:34
2024-03-21 10:53:35
2024-03-21 10:53:36
2024-03-21 10:53:37
2024-03-21 10:53:38
2024-03-21 10:53:39
2024-03-21 10:53:40
2024-03-21 10:53:41
2024-03-21 10:53:42
2024-03-21 10:53:43
2024-03-21 10:53:44
2024-03-21 10:53:45
2024-03-21 10:53:46
2024-03-21 10:53:47
2024-03-21 10:53:48
2024-03-21 10:53:49
2024-03-21 10:53:50
2024-03-21 10:53:51
2024-03-21 10:53:52
2024-03-21 10:53:53
2024-03-21 10:53:54
2024-03-21 10:53:55
2024-03-21 10:53:56
2024-03-21 10:53:57
2024-03-21 10:53:58
2024-03-21 10:53:59
2024-03-21 10:54:00
2024-03-21 10:54:01
2024-03-21 10:54:02
2024-03-21 10:54:03
2024-03-21 10:54:04
2024-03-21 10:54:05
2024-03-21 10:54:06
2024-03-21 10:54:07
2024-03-21 10:54:08
2024-03-21 10:54:09
2024-03-21 10:54:10
2024-03-21 10:54:11
2024-03-21 10:54:12
2024-03-21 10:54:13
2024-03-21 10:54:14
2024-03-21 10:54:15
2024-03-21 10:54:16
2024-03-21 10:54:17
2024-03-21 10:54:18
2024-03-21 10:54:19
2024-03-21 10:54:20
2024-03-21 10:54:21
2024-03-21 10:54:22
2024-03-21 10:54:23
2024-03-21 10:54:24
2024-03-21 10:54:25
2024-03-21 10:54:26
2024-03-21 10:54:27
2024-03-21 10:54:28
2024-03-21 10:54:29
2024-03-21 10:54:30
2024-03-21 10:54:31
2024-03-21 10:54:32
2024-03-21 10:54:33
2024-03-21 10:54:34
2024-03-21 10:54:35
2024-03-21 10:54:36
2024-03-21 10:54:37
2024-03-21 10:54:38
2024-03-21 10:54:39
2024-03-21 10:54:40
2024-03-21 10:54:41
2024-03-21 10:54:42
2024-03-21 10:54:43
2024-03-21 10:54:44
2024-03-21 10:54:45
2024-03-21 10:54:46
2024-03-21 10:54:47
2024-03-21 10:54:48
2024-03-21 10:54:49
2024-03-21 10:54:50
2024-03-21 10:54:51
2024-03-21 10:54:52
2024-03-21 10:54:53
2024-03-21 10:54:54
2024-03-21 10:54:55
2024-03-21 10:54:56
2024-03-21 10:54:57
2024-03-21 10:54:58
2024-03-21 10:54:59
2024-03-21 10:55:00
2024-03-21 10:55:01
2024-03-21 10:55:02
2024-03-21 10:55:03
2024-03-21 10:55:04
2024-03-21 10:55:05
2024-03-21 10:55:06
2024-03-21 10:55:07
2024-03-21 10:55:08
2024-03-21 10:55:09
2024-03-21 10:55:10
2024-03-21 10:55:11
2024-03-21 10:55:12
2024-03-21 10:55:13
2024-03-21 10:55:14
2024-03-21 10:55:15
2024-03-21 10:55:16
2024-03-21 10:55:17
2024-03-21 10:55:18
2024-03-21 10:55:19
2024-03-21 10:55:20
2024-03-21 10:55:21
2024-03-21 10:55:22
2024-03-21 10:55:23
2024-03-21 10:55:24
2024-03-21 10:55:25
2024-03-21 10:55:26
2024-03-21 10:55:27
2024-03-21 10:55:28
2024-03-21 10:55:29
2024-03-21 10:55:30
2024-03-21 10:55:31
2024-03-21 10:55:32
2024-03-21 10:55:33
2024-03-21 10:55:34
2024-03-21 10:55:35
2024-03-21 10:55:36
2024-03-21 10:55:37
2024-03-21 10:55:38
2024-03-21 10:55:39
2024-03-21 10:55:40
2024-03-21 10:55:41
2024-03-21 10:55:42
2024-03-21 10:55:43
2024-03-21 10:55:44
2024-03-21 10:55:45
2024-03-21 10:55:46
2024-03-21 10:55:47
2024-03-21 10:55:48
2024-03-21 10:55:49
2024-03-21 10:55:50
2024-03-21 10:55:51
2024-03-21 10:55:52
2024-03-21 10:55:53
2024-03-21 10:55:54
2024-03-21 10:55:55
2024-03-21 10:55:56
2024-03-21 10:55:57
2024-03-21 10:55:58
2024-03-21 10:55:59
2024-03-21 10:56:00
2024-03-21 10:56:01
2024-03-21 10:56:02
2024-03-21 10:56:03
2024-03-21 10:56:04
2024-03-21 10:56:05
2024-03-21 10:56:06
2024-03-21 10:56:07
2024-03-21 10:56:08
2024-03-21 10:56:09
2024-03-21 10:56:10
2024-03-21 10:56:11
2024-03-21 10:56:12
2024-03-21 10:56:13
2024-03-21 10:56:14
2024-03-21 10:56:15
2024-03-21 10:56:16
2024-03-21 10:56:17
2024-03-21 10:56:18
2024-03-21 10:56:19
2024-03-21 10:56:20
2024-03-21 10:56:21
2024-03-21 10:56:22
2024-03-21 10:56:23
2024-03-21 10:56:24
2024-03-21 10:56:25
2024-03-21 10:56:26
2024-03-21 10:56:27
2024-03-21 10:56:28
2024-03-21 10:56:29
2024-03-21 10:56:30
2024-03-21 10:56:31
2024-03-21 10:56:32
2024-03-21 10:56:33
2024-03-21 10:56:34
2024-03-21 10:56:35
2024-03-21 10:56:36
2024-03-21 10:56:37
2024-03-21 10:56:38
2024-03-21 10:56:39
2024-03-21 10:56:40
2024-03-21 10:56:41
2024-03-21 10:56:42
2024-03-21 10:56:43
2024-03-21 10:56:44
2024-03-21 10:56:45
2024-03-21 10:56:46
2024-03-21 10:56:47
2024-03-21 10:56:48
2024-03-21 10:56:49
2024-03-21 10:56:50
2024-03-21 10:56:51
2024-03-21 10:56:52
2024-03-21 10:56:53
2024-03-21 10:56:54
2024-03-21 10:56:55
2024-03-21 10:56:56
2024-03-21 10:56:57
2024-03-21 10:56:58
2024-03-21 10:56:59
2024-03-21 10:57:00
2024-03-21 10:57:01
2024-03-21 10:57:02
2024-03-21 10:57:03
2024-03-21 10:57:04
2024-03-21 10:57:05
2024-03-21 10:57:06
2024-03-21 10:57:07
2024-03-21 10:57:08
2024-03-21 10:57:09
2024-03-21 10:57:10
2024-03-21 10:57:11
2024-03-21 10:57:12
2024-03-21 10:57:13
2024-03-21 10:57:14
2024-03-21 10:57:15
2024-03-21 10:57:16
2024-03-21 10:57:17
2024-03-21 10:57:18
2024-03-21 10:57:19
2024-03-21 10:57:20
2024-03-21 10:57:21
2024-03-21 10:57:22
2024-03-21 10:57:23
2024-03-21 10:57:24
2024-03-21 10:57:25
2024-03-21 10:57:26
2024-03-21 10:57:27
2024-03-21 10:57:28
2024-03-21 10:57:29
2024-03-21 10:57:30
2024-03-21 10:57:31
2024-03-21 10:57:32
2024-03-21 10:57:33
2024-03-21 10:57:34
2024-03-21 10:57:35
2024-03-21 10:57:36
2024-03-21 10:57:37
2024-03-21 10:57:38
2024-03-21 10:57:39
2024-03-21 10:57:40
2024-03-21 10:57:41
2024-03-21 10:57:42
2024-03-21 10:57:43
2024-03-21 10:57:44
2024-03-21 10:57:45
2024-03-21 10:57:46
2024-03-21 10:57:47
2024-03-21 10:57:48
2024-03-21 10:57:49
2024-03-21 10:57:50
2024-03-21 10:57:51
2024-03-21 10:57:52
2024-03-21 10:57:53
2024-03-21 10:57:54
2024-03-21 10:57:55
2024-03-21 10:57:56
2024-03-21 10:57:57
2024-03-21 10:57:58
2024-03-21 10:57:59
2024-03-21 10:58:00
2024-03-21 10:58:01
2024-03-21 10:58:02
2024-03-21 10:58:03
2024-03-21 10:58:04
2024-03-21 10:58:05
2024-03-21 10:58:06
2024-03-21 10:58:07
2024-03-21 10:58:08
2024-03-21 10:58:09
2024-03-21 10:58:10
2024-03-21 10:58:11
2024-03-21 10:58:12
2024-03-21 10:58:13
2024-03-21 10:58:14
2024-03-21 10:58:15
2024-03-21 10:58:16
2024-03-21 10:58:17
2024-03-21 10:58:18
2024-03-21 10:58:19
2024-03-21 10:58:20
2024-03-21 10:58:21
2024-03-21 10:58:22
2024-03-21 10:58:23
2024-03-21 10:58:24
2024-03-21 10:58:25
2024-03-21 10:58:26
2024-03-21 10:58:27
2024-03-21 10:58:28
2024-03-21 10:58:29
2024-03-21 10:58:30
2024-03-21 10:58:31
2024-03-21 10:58:32
2024-03-21 10:58:33
2024-03-21 10:58:34
2024-03-21 10:58:35
2024-03-21 10:58:36
2024-03-21 10:58:37
2024-03-21 10:58:38
2024-03-21 10:58:39
2024-03-21 10:58:40
2024-03-21 10:58:41
2024-03-21 10:58:42
2024-03-21 10:58:43
2024-03-21 10:58:44
2024-03-21 10:58:45
2024-03-21 10:58:46
2024-03-21 10:58:47
2024-03-21 10:58:48
2024-03-21 10:58:49
2024-03-21 10:58:50
2024-03-21 10:58:51
2024-03-21 10:58:52
2024-03-21 10:58:53
2024-03-21 10:58:54
2024-03-21 10:58:55
2024-03-21 10:58:56
2024-03-21 10:58:57
2024-03-21 10:58:58
2024-03-21 10:58:59
2024-03-21 10:59:00
2024-03-21 10:59:01
2024-03-21 10:59:02
2024-03-21 10:59:03
2024-03-21 10:59:04
2024-03-21 10:59:05
2024-03-21 10:59:06
2024-03-21 10:59:07
2024-03-21 10:59:08
2024-03-21 10:59:09
2024-03-21 10:59:10
2024-03-21 10:59:11
2024-03-21 10:59:12
2024-03-21 10:59:13
2024-03-21 10:59:14
